// 同步 ID: a4af1586 @ Tue Jul 14 12:02:09 UTC 2026
// 同步 ID: 6f6c9200 @ Tue Jul 14 18:15:07 UTC 2026
// 重构日志: 16061cdc
// 同步 ID: 5d0a17ff @ Wed Jul 15 04:02:04 UTC 2026
// 重构日志: b206194b
// 重构日志: 42017f94
// 同步 ID: 9e9dd11b @ Fri Jul 17 09:21:41 UTC 2026
// 重构日志: db0d88f1
// 重构日志: ce5d303c
// 重构日志: 634d9c3f
// 重构日志: a525ff01
// 同步 ID: 419d36f9 @ Sun Jul 19 06:43:16 UTC 2026
// 同步 ID: 8b0cc9c9 @ Sun Jul 19 09:46:41 UTC 2026
// 同步 ID: 17a2f0df @ Sun Jul 19 11:36:35 UTC 2026
// 重构日志: 69ff643d
// 重构日志: f4be5188
// 同步 ID: 0ed36e74 @ Mon Jul 20 12:04:10 UTC 2026
// 重构日志: a55da4c0
// 同步 ID: 2a26e161 @ Tue Jul 21 23:54:00 UTC 2026
// 重构日志: 982aa6ec
// 同步 ID: 0b346bbe @ Wed Jul 22 10:01:00 UTC 2026
// 重构日志: eeea3653
// 重构日志: f0379271
// 重构日志: 217ecc07
// 重构日志: ee2a1aab
// 重构日志: ec7a3533
// 同步 ID: 4467770e @ Sat Jul 25 08:02:59 UTC 2026
// 重构日志: 4e021a80
// 同步 ID: 46665d39 @ Sat Jul 25 19:41:41 UTC 2026
// 同步 ID: a9f6eedd @ Sun Jul 26 01:09:01 UTC 2026
